Archive member included because of file (symbol)

/home/escualo/ti/gcc/bin/../lib/gcc/msp430-elf/4.9.1/430/libgcc.a(epilogue.o)
                              ./memFlash.o (__mspabi_func_epilog_6)
/home/escualo/ti/gcc/bin/../lib/gcc/msp430-elf/4.9.1/430/libgcc.a(srli.o)
                              ./memFlash.o (__mspabi_srli_15)
/home/escualo/ti/gcc/bin/../lib/gcc/msp430-elf/4.9.1/../../../../msp430-elf/lib/430/libcrt.a(crt_bss.o)
                              /home/escualo/ti/gcc/bin/../lib/gcc/msp430-elf/4.9.1/430/crtbegin.o (__crt0_init_bss)
/home/escualo/ti/gcc/bin/../lib/gcc/msp430-elf/4.9.1/../../../../msp430-elf/lib/430/libcrt.a(crt_movedata.o)
                              /home/escualo/ti/gcc/bin/../lib/gcc/msp430-elf/4.9.1/430/crtbegin.o (__crt0_movedata)
/home/escualo/ti/gcc/bin/../lib/gcc/msp430-elf/4.9.1/../../../../msp430-elf/lib/430/libcrt.a(crt_main.o)
                              /home/escualo/ti/gcc/bin/../lib/gcc/msp430-elf/4.9.1/../../../../msp430-elf/lib/430/crt0.o (__crt0_call_init_then_main)
/home/escualo/ti/gcc/bin/../lib/gcc/msp430-elf/4.9.1/../../../../msp430-elf/lib/430/libcrt.a(crt_callexit.o)
                              ./main.o (__crt0_call_exit)
/home/escualo/ti/gcc/bin/../lib/gcc/msp430-elf/4.9.1/../../../../msp430-elf/lib/430/libnosys.a(nosyscalls.o)
                              /home/escualo/ti/gcc/bin/../lib/gcc/msp430-elf/4.9.1/../../../../msp430-elf/lib/430/libcrt.a(crt_callexit.o) (_exit)
/home/escualo/ti/gcc/bin/../lib/gcc/msp430-elf/4.9.1/../../../../msp430-elf/lib/430/libc.a(lib_a-errno.o)
                              /home/escualo/ti/gcc/bin/../lib/gcc/msp430-elf/4.9.1/../../../../msp430-elf/lib/430/libnosys.a(nosyscalls.o) (__errno)
/home/escualo/ti/gcc/bin/../lib/gcc/msp430-elf/4.9.1/../../../../msp430-elf/lib/430/libc.a(lib_a-impure.o)
                              /home/escualo/ti/gcc/bin/../lib/gcc/msp430-elf/4.9.1/../../../../msp430-elf/lib/430/libc.a(lib_a-errno.o) (_impure_ptr)
/home/escualo/ti/gcc/bin/../lib/gcc/msp430-elf/4.9.1/../../../../msp430-elf/lib/430/libc.a(lib_a-memmove.o)
                              /home/escualo/ti/gcc/bin/../lib/gcc/msp430-elf/4.9.1/../../../../msp430-elf/lib/430/libcrt.a(crt_movedata.o) (memmove)
/home/escualo/ti/gcc/bin/../lib/gcc/msp430-elf/4.9.1/../../../../msp430-elf/lib/430/libc.a(lib_a-memset.o)
                              /home/escualo/ti/gcc/bin/../lib/gcc/msp430-elf/4.9.1/../../../../msp430-elf/lib/430/libcrt.a(crt_bss.o) (memset)

Memory Configuration

Name             Origin             Length             Attributes
SFR              0x00000000         0x00000010
PERIPHERAL_8BIT  0x00000010         0x000000f0
PERIPHERAL_16BIT 0x00000100         0x00000100
RAM              0x00000200         0x00000400
INFOMEM          0x00001000         0x00000100
INFOA            0x00001080         0x00000080
INFOB            0x00001000         0x00000080
ROM              0x00008000         0x00007fe0
VECT1            0x0000ffe0         0x00000002
VECT2            0x0000ffe2         0x00000002
VECT3            0x0000ffe4         0x00000002
VECT4            0x0000ffe6         0x00000002
VECT5            0x0000ffe8         0x00000002
VECT6            0x0000ffea         0x00000002
VECT7            0x0000ffec         0x00000002
VECT8            0x0000ffee         0x00000002
VECT9            0x0000fff0         0x00000002
VECT10           0x0000fff2         0x00000002
VECT11           0x0000fff4         0x00000002
VECT12           0x0000fff6         0x00000002
VECT13           0x0000fff8         0x00000002
VECT14           0x0000fffa         0x00000002
VECT15           0x0000fffc         0x00000002
RESETVEC         0x0000fffe         0x00000002
*default*        0x00000000         0xffffffff

Linker script and memory map

LOAD /home/escualo/ti/gcc/bin/../lib/gcc/msp430-elf/4.9.1/../../../../msp430-elf/lib/430/crt0.o
LOAD /home/escualo/ti/gcc/bin/../lib/gcc/msp430-elf/4.9.1/430/crtbegin.o
LOAD ./spi.o
LOAD ./memFlash.o
LOAD ./main.o
START GROUP
LOAD /home/escualo/ti/gcc/bin/../lib/gcc/msp430-elf/4.9.1/../../../../msp430-elf/lib/430/libc.a
LOAD /home/escualo/ti/gcc/bin/../lib/gcc/msp430-elf/4.9.1/430/libgcc.a
END GROUP
LOAD /home/escualo/ti/gcc/bin/../lib/gcc/msp430-elf/4.9.1/430/libgcc.a
START GROUP
LOAD /home/escualo/ti/gcc/bin/../lib/gcc/msp430-elf/4.9.1/../../../../msp430-elf/lib/430/libc.a
LOAD /home/escualo/ti/gcc/bin/../lib/gcc/msp430-elf/4.9.1/430/libgcc.a
LOAD /home/escualo/ti/gcc/bin/../lib/gcc/msp430-elf/4.9.1/../../../../msp430-elf/lib/430/libcrt.a
LOAD /home/escualo/ti/gcc/bin/../lib/gcc/msp430-elf/4.9.1/../../../../msp430-elf/lib/430/libnosys.a
END GROUP
LOAD /home/escualo/ti/gcc/bin/../lib/gcc/msp430-elf/4.9.1/430/libgcc.a
LOAD /home/escualo/ti/gcc/bin/../lib/gcc/msp430-elf/4.9.1/430/crtend.o
LOAD /home/escualo/ti/gcc/bin/../lib/gcc/msp430-elf/4.9.1/../../../../msp430-elf/lib/430/crtn.o
LOAD /home/escualo/ti/gcc/bin/../lib/gcc/msp430-elf/4.9.1/430/libgcc.a

__interrupt_vector_1
 *(__interrupt_vector_1)
 *(__interrupt_vector_basictimer)

__interrupt_vector_2
 *(__interrupt_vector_2)
 *(__interrupt_vector_port2)

__interrupt_vector_3
 *(__interrupt_vector_3)

__interrupt_vector_4
 *(__interrupt_vector_4)

__interrupt_vector_5
 *(__interrupt_vector_5)
 *(__interrupt_vector_port1)

__interrupt_vector_6
 *(__interrupt_vector_6)
 *(__interrupt_vector_timera1)

__interrupt_vector_7
 *(__interrupt_vector_7)
 *(__interrupt_vector_timera0)

__interrupt_vector_8
 *(__interrupt_vector_8)

__interrupt_vector_9
 *(__interrupt_vector_9)
 *(__interrupt_vector_usart0tx)

__interrupt_vector_10
 *(__interrupt_vector_10)
 *(__interrupt_vector_usart0rx)

__interrupt_vector_11
 *(__interrupt_vector_11)
 *(__interrupt_vector_wdt)

__interrupt_vector_12
 *(__interrupt_vector_12)

__interrupt_vector_13
 *(__interrupt_vector_13)
 *(__interrupt_vector_sd16)

__interrupt_vector_14
 *(__interrupt_vector_14)
 *(__interrupt_vector_esp430)

__interrupt_vector_15
 *(__interrupt_vector_15)
 *(__interrupt_vector_nmi)

__reset_vector  0x0000fffe        0x2
 *(__interrupt_vector_16)
 *(__interrupt_vector_reset)
 *(.resetvec)
 .resetvec      0x0000fffe        0x2 /home/escualo/ti/gcc/bin/../lib/gcc/msp430-elf/4.9.1/../../../../msp430-elf/lib/430/crt0.o

.rodata         0x00008000       0x14
                0x00008000                . = ALIGN (0x2)
 *(.plt)
 *(.rodata .rodata.* .gnu.linkonce.r.* .const .const:*)
 .rodata._global_impure_ptr
                0x00008000        0x2 /home/escualo/ti/gcc/bin/../lib/gcc/msp430-elf/4.9.1/../../../../msp430-elf/lib/430/libc.a(lib_a-impure.o)
                0x00008000                _global_impure_ptr
 .rodata        0x00008002        0x2 /home/escualo/ti/gcc/bin/../lib/gcc/msp430-elf/4.9.1/../../../../msp430-elf/lib/430/libc.a(lib_a-impure.o)
 *(.rodata1)
 *(.eh_frame_hdr)
 *(.eh_frame)
 .eh_frame      0x00008004        0x0 /home/escualo/ti/gcc/bin/../lib/gcc/msp430-elf/4.9.1/430/crtbegin.o
 .eh_frame      0x00008004        0x4 /home/escualo/ti/gcc/bin/../lib/gcc/msp430-elf/4.9.1/430/crtend.o
 *(.gcc_except_table)
 *(.gcc_except_table.*)
                0x00008008                PROVIDE (__preinit_array_start, .)
 *(.preinit_array)
                0x00008008                PROVIDE (__preinit_array_end, .)
                0x00008008                PROVIDE (__init_array_start, .)
 *(SORT(.init_array.*))
 *(.init_array)
                0x00008008                PROVIDE (__init_array_end, .)
                0x00008008                PROVIDE (__fini_array_start, .)
 *(.fini_array)
 *(SORT(.fini_array.*))
                0x00008008                PROVIDE (__fini_array_end, .)
                0x00008008        0x4 LONG 0x0
 *crtbegin*.o(.ctors)
 .ctors         0x0000800c        0x2 /home/escualo/ti/gcc/bin/../lib/gcc/msp430-elf/4.9.1/430/crtbegin.o
 *(EXCLUDE_FILE(*crtend*.o) .ctors)
 *(SORT(.ctors.*))
 *(.ctors)
 .ctors         0x0000800e        0x2 /home/escualo/ti/gcc/bin/../lib/gcc/msp430-elf/4.9.1/430/crtend.o
 *crtbegin*.o(.dtors)
 .dtors         0x00008010        0x2 /home/escualo/ti/gcc/bin/../lib/gcc/msp430-elf/4.9.1/430/crtbegin.o
 *(EXCLUDE_FILE(*crtend*.o) .dtors)
 *(SORT(.dtors.*))
 *(.dtors)
 .dtors         0x00008012        0x2 /home/escualo/ti/gcc/bin/../lib/gcc/msp430-elf/4.9.1/430/crtend.o

.text           0x00008014      0x530
                0x00008014                . = ALIGN (0x2)
                0x00008014                PROVIDE (_start, .)
 *(SORT(.crt_*))
 .crt_0000init  0x00008014        0xa /home/escualo/ti/gcc/bin/../lib/gcc/msp430-elf/4.9.1/../../../../msp430-elf/lib/430/crt0.o
                0x00008014                __start
 .crt_0100bss   0x0000801e        0xe /home/escualo/ti/gcc/bin/../lib/gcc/msp430-elf/4.9.1/../../../../msp430-elf/lib/430/libcrt.a(crt_bss.o)
                0x0000801e                __crt0_init_bss
 .crt_0200movedata
                0x0000802c       0x14 /home/escualo/ti/gcc/bin/../lib/gcc/msp430-elf/4.9.1/../../../../msp430-elf/lib/430/libcrt.a(crt_movedata.o)
                0x0000802c                __crt0_movedata
 .crt_0300main  0x00008040        0xa /home/escualo/ti/gcc/bin/../lib/gcc/msp430-elf/4.9.1/../../../../msp430-elf/lib/430/libcrt.a(crt_main.o)
                0x00008040                __crt0_call_init_then_main
 .crt_0400main_exit
                0x0000804a        0x4 /home/escualo/ti/gcc/bin/../lib/gcc/msp430-elf/4.9.1/../../../../msp430-elf/lib/430/libcrt.a(crt_callexit.o)
                0x0000804a                __crt0_call_exit
 .crt_0500main_init
                0x0000804e       0x3c /home/escualo/ti/gcc/bin/../lib/gcc/msp430-elf/4.9.1/../../../../msp430-elf/lib/430/crt0.o
                0x0000804e                _msp430_run_init_array
                0x0000805c                _msp430_run_preinit_array
                0x0000806a                _msp430_run_fini_array
 *(.lowtext .text .stub .text.* .gnu.linkonce.t.* .text:*)
 .text          0x0000808a        0x0 /home/escualo/ti/gcc/bin/../lib/gcc/msp430-elf/4.9.1/../../../../msp430-elf/lib/430/crt0.o
 .text          0x0000808a       0xa8 /home/escualo/ti/gcc/bin/../lib/gcc/msp430-elf/4.9.1/430/crtbegin.o
 .text          0x00008132       0xb2 ./spi.o
                0x00008132                spi_init
                0x00008160                spi_transferir
                0x0000817e                spi_transferir_multi
                0x000081b0                spi_recibir_multi
 .text          0x000081e4      0x198 ./memFlash.o
                0x00008238                write_enable
                0x00008242                write_disable
                0x0000824a                page_program
                0x000082a4                sector_erase
                0x000082ae                block_erase32
                0x000082b8                block_erase64
                0x000082c2                chip_erase
                0x000082cc                read_status_register_1
                0x000082de                read_status_register_2
                0x000082f0                read_data
                0x0000834c                JedecID
 .text          0x0000837c        0x4 ./main.o
                0x0000837c                main
 .text          0x00008380       0x10 /home/escualo/ti/gcc/bin/../lib/gcc/msp430-elf/4.9.1/430/libgcc.a(epilogue.o)
                0x00008380                __mspabi_func_epilog_7
                0x00008382                __mspabi_func_epilog_6
                0x00008384                __mspabi_func_epilog_5
                0x00008386                __mspabi_func_epilog_4
                0x00008388                __mspabi_func_epilog_3
                0x0000838a                __mspabi_func_epilog_2
                0x0000838c                __mspabi_func_epilog_1
 .text          0x00008390       0xb4 /home/escualo/ti/gcc/bin/../lib/gcc/msp430-elf/4.9.1/430/libgcc.a(srli.o)
                0x00008390                __mspabi_srli_15
                0x00008394                __mspabi_srli_14
                0x00008398                __mspabi_srli_13
                0x0000839c                __mspabi_srli_12
                0x000083a0                __mspabi_srli_11
                0x000083a4                __mspabi_srli_10
                0x000083a8                __mspabi_srli_9
                0x000083ac                __mspabi_srli_8
                0x000083b0                __mspabi_srli_7
                0x000083b4                __mspabi_srli_6
                0x000083b8                __mspabi_srli_5
                0x000083bc                __mspabi_srli_4
                0x000083c0                __mspabi_srli_3
                0x000083c4                __mspabi_srli_2
                0x000083c8                __mspabi_srli_1
                0x000083d4                __mspabi_srli
                0x000083da                __mspabi_srll_15
                0x000083e0                __mspabi_srll_14
                0x000083e6                __mspabi_srll_13
                0x000083ec                __mspabi_srll_12
                0x000083f2                __mspabi_srll_11
                0x000083f8                __mspabi_srll_10
                0x000083fe                __mspabi_srll_9
                0x00008404                __mspabi_srll_8
                0x0000840a                __mspabi_srll_7
                0x00008410                __mspabi_srll_6
                0x00008416                __mspabi_srll_5
                0x0000841c                __mspabi_srll_4
                0x00008422                __mspabi_srll_3
                0x00008428                __mspabi_srll_2
                0x0000842e                __mspabi_srll_1
                0x0000843e                __mspabi_srll
 .text          0x00008444        0x0 /home/escualo/ti/gcc/bin/../lib/gcc/msp430-elf/4.9.1/../../../../msp430-elf/lib/430/libcrt.a(crt_bss.o)
 .text          0x00008444        0x0 /home/escualo/ti/gcc/bin/../lib/gcc/msp430-elf/4.9.1/../../../../msp430-elf/lib/430/libcrt.a(crt_movedata.o)
 .text          0x00008444        0x0 /home/escualo/ti/gcc/bin/../lib/gcc/msp430-elf/4.9.1/../../../../msp430-elf/lib/430/libcrt.a(crt_main.o)
 .text          0x00008444        0x0 /home/escualo/ti/gcc/bin/../lib/gcc/msp430-elf/4.9.1/../../../../msp430-elf/lib/430/libcrt.a(crt_callexit.o)
 .text          0x00008444       0x62 /home/escualo/ti/gcc/bin/../lib/gcc/msp430-elf/4.9.1/../../../../msp430-elf/lib/430/libnosys.a(nosyscalls.o)
                0x00008444                exit
                0x00008444                _exit
                0x00008448                open
                0x00008456                close
                0x00008464                read
                0x00008472                fstat
                0x00008480                lseek
                0x0000848e                kill
                0x0000849c                isatty
                0x0000849c                _isatty
                0x000084a0                getpid
 .text          0x000084a6        0x0 /home/escualo/ti/gcc/bin/../lib/gcc/msp430-elf/4.9.1/../../../../msp430-elf/lib/430/libc.a(lib_a-errno.o)
 .text.__errno  0x000084a6        0x6 /home/escualo/ti/gcc/bin/../lib/gcc/msp430-elf/4.9.1/../../../../msp430-elf/lib/430/libc.a(lib_a-errno.o)
                0x000084a6                __errno
 .text          0x000084ac        0x0 /home/escualo/ti/gcc/bin/../lib/gcc/msp430-elf/4.9.1/../../../../msp430-elf/lib/430/libc.a(lib_a-impure.o)
 .text          0x000084ac        0x0 /home/escualo/ti/gcc/bin/../lib/gcc/msp430-elf/4.9.1/../../../../msp430-elf/lib/430/libc.a(lib_a-memmove.o)
 .text.memmove  0x000084ac       0x44 /home/escualo/ti/gcc/bin/../lib/gcc/msp430-elf/4.9.1/../../../../msp430-elf/lib/430/libc.a(lib_a-memmove.o)
                0x000084ac                memmove
 .text          0x000084f0        0x0 /home/escualo/ti/gcc/bin/../lib/gcc/msp430-elf/4.9.1/../../../../msp430-elf/lib/430/libc.a(lib_a-memset.o)
 .text.memset   0x000084f0       0x14 /home/escualo/ti/gcc/bin/../lib/gcc/msp430-elf/4.9.1/../../../../msp430-elf/lib/430/libc.a(lib_a-memset.o)
                0x000084f0                memset
 .text          0x00008504       0x20 /home/escualo/ti/gcc/bin/../lib/gcc/msp430-elf/4.9.1/430/crtend.o
 .text          0x00008524        0x0 /home/escualo/ti/gcc/bin/../lib/gcc/msp430-elf/4.9.1/../../../../msp430-elf/lib/430/crtn.o
 *(.text.*personality*)
 *(.gnu.warning)
 *(.interp .hash .dynsym .dynstr .gnu.version*)
                0x00008524                PROVIDE (__etext, .)
                0x00008524                PROVIDE (_etext, .)
                0x00008524                PROVIDE (etext, .)
                0x00008524                . = ALIGN (0x2)
 *(.init)
 .init          0x00008524        0x0 /home/escualo/ti/gcc/bin/../lib/gcc/msp430-elf/4.9.1/../../../../msp430-elf/lib/430/crt0.o
                0x00008524                __msp430_init
 .init          0x00008524        0x4 /home/escualo/ti/gcc/bin/../lib/gcc/msp430-elf/4.9.1/430/crtbegin.o
 .init          0x00008528        0x4 /home/escualo/ti/gcc/bin/../lib/gcc/msp430-elf/4.9.1/430/crtend.o
 .init          0x0000852c        0xa /home/escualo/ti/gcc/bin/../lib/gcc/msp430-elf/4.9.1/../../../../msp430-elf/lib/430/crtn.o
                0x00008536                __msp430_init_end
 *(.fini)
 .fini          0x00008536        0x4 /home/escualo/ti/gcc/bin/../lib/gcc/msp430-elf/4.9.1/../../../../msp430-elf/lib/430/crt0.o
                0x00008536                __msp430_fini
 .fini          0x0000853a        0x4 /home/escualo/ti/gcc/bin/../lib/gcc/msp430-elf/4.9.1/430/crtbegin.o
 .fini          0x0000853e        0x2 /home/escualo/ti/gcc/bin/../lib/gcc/msp430-elf/4.9.1/../../../../msp430-elf/lib/430/crtn.o
                0x00008540                __msp430_fini_end
 *(.tm_clone_table)
 .tm_clone_table
                0x00008540        0x0 /home/escualo/ti/gcc/bin/../lib/gcc/msp430-elf/4.9.1/430/crtbegin.o
 .tm_clone_table
                0x00008540        0x4 /home/escualo/ti/gcc/bin/../lib/gcc/msp430-elf/4.9.1/430/crtend.o

.data           0x00000200       0x80 load address 0x00008544
                0x00000200                . = ALIGN (0x2)
                0x00000200                PROVIDE (__datastart, .)
 *(.jcr)
 .jcr           0x00000200        0x0 /home/escualo/ti/gcc/bin/../lib/gcc/msp430-elf/4.9.1/430/crtbegin.o
 .jcr           0x00000200        0x2 /home/escualo/ti/gcc/bin/../lib/gcc/msp430-elf/4.9.1/430/crtend.o
 *(.data.rel.ro.local)
 *(.data.rel.ro*)
 *(.dynamic)
 *(.data .data.* .gnu.linkonce.d.*)
 .data          0x00000202        0x0 /home/escualo/ti/gcc/bin/../lib/gcc/msp430-elf/4.9.1/../../../../msp430-elf/lib/430/crt0.o
 .data          0x00000202        0x4 /home/escualo/ti/gcc/bin/../lib/gcc/msp430-elf/4.9.1/430/crtbegin.o
                0x00000202                __dso_handle
 .data          0x00000206        0x0 ./spi.o
 .data          0x00000206        0x0 ./memFlash.o
 .data          0x00000206        0x0 ./main.o
 .data          0x00000206        0x0 /home/escualo/ti/gcc/bin/../lib/gcc/msp430-elf/4.9.1/430/libgcc.a(epilogue.o)
 .data          0x00000206        0x0 /home/escualo/ti/gcc/bin/../lib/gcc/msp430-elf/4.9.1/430/libgcc.a(srli.o)
 .data          0x00000206        0x0 /home/escualo/ti/gcc/bin/../lib/gcc/msp430-elf/4.9.1/../../../../msp430-elf/lib/430/libcrt.a(crt_bss.o)
 .data          0x00000206        0x0 /home/escualo/ti/gcc/bin/../lib/gcc/msp430-elf/4.9.1/../../../../msp430-elf/lib/430/libcrt.a(crt_movedata.o)
 .data          0x00000206        0x0 /home/escualo/ti/gcc/bin/../lib/gcc/msp430-elf/4.9.1/../../../../msp430-elf/lib/430/libcrt.a(crt_main.o)
 .data          0x00000206        0x0 /home/escualo/ti/gcc/bin/../lib/gcc/msp430-elf/4.9.1/../../../../msp430-elf/lib/430/libcrt.a(crt_callexit.o)
 .data          0x00000206        0x0 /home/escualo/ti/gcc/bin/../lib/gcc/msp430-elf/4.9.1/../../../../msp430-elf/lib/430/libnosys.a(nosyscalls.o)
 .data          0x00000206        0x0 /home/escualo/ti/gcc/bin/../lib/gcc/msp430-elf/4.9.1/../../../../msp430-elf/lib/430/libc.a(lib_a-errno.o)
 .data          0x00000206        0x0 /home/escualo/ti/gcc/bin/../lib/gcc/msp430-elf/4.9.1/../../../../msp430-elf/lib/430/libc.a(lib_a-impure.o)
 .data._impure_ptr
                0x00000206        0x2 /home/escualo/ti/gcc/bin/../lib/gcc/msp430-elf/4.9.1/../../../../msp430-elf/lib/430/libc.a(lib_a-impure.o)
                0x00000206                _impure_ptr
 .data.impure_data
                0x00000208       0x78 /home/escualo/ti/gcc/bin/../lib/gcc/msp430-elf/4.9.1/../../../../msp430-elf/lib/430/libc.a(lib_a-impure.o)
 .data          0x00000280        0x0 /home/escualo/ti/gcc/bin/../lib/gcc/msp430-elf/4.9.1/../../../../msp430-elf/lib/430/libc.a(lib_a-memmove.o)
 .data          0x00000280        0x0 /home/escualo/ti/gcc/bin/../lib/gcc/msp430-elf/4.9.1/../../../../msp430-elf/lib/430/libc.a(lib_a-memset.o)
 .data          0x00000280        0x0 /home/escualo/ti/gcc/bin/../lib/gcc/msp430-elf/4.9.1/430/crtend.o
 .data          0x00000280        0x0 /home/escualo/ti/gcc/bin/../lib/gcc/msp430-elf/4.9.1/../../../../msp430-elf/lib/430/crtn.o
 *(.gnu.linkonce.d.*personality*)
 *(.data1)
 *(.got.plt)
 *(.got)
                0x00000280                . = ALIGN (0x2)
 *(.sdata .sdata.* .gnu.linkonce.s.* D_2 D_1)
                0x00000280                . = ALIGN (0x2)
                0x00000280                _edata = .
                0x00000280                PROVIDE (edata, .)
                0x00000280                PROVIDE (__dataend, .)
                0x00008544                PROVIDE (__romdatastart, LOADADDR (.data))
                0x00000080                PROVIDE (__romdatacopysize, SIZEOF (.data))

.bss            0x00000280       0x10 load address 0x000085c4
                0x00000280                . = ALIGN (0x2)
                0x00000280                PROVIDE (__bssstart, .)
 *(.dynbss)
 *(.sbss .sbss.*)
 *(.bss .bss.* .gnu.linkonce.b.*)
 .bss           0x00000280        0x0 /home/escualo/ti/gcc/bin/../lib/gcc/msp430-elf/4.9.1/../../../../msp430-elf/lib/430/crt0.o
 .bss           0x00000280       0x10 /home/escualo/ti/gcc/bin/../lib/gcc/msp430-elf/4.9.1/430/crtbegin.o
 .bss           0x00000290        0x0 ./spi.o
 .bss           0x00000290        0x0 ./memFlash.o
 .bss           0x00000290        0x0 ./main.o
 .bss           0x00000290        0x0 /home/escualo/ti/gcc/bin/../lib/gcc/msp430-elf/4.9.1/430/libgcc.a(epilogue.o)
 .bss           0x00000290        0x0 /home/escualo/ti/gcc/bin/../lib/gcc/msp430-elf/4.9.1/430/libgcc.a(srli.o)
 .bss           0x00000290        0x0 /home/escualo/ti/gcc/bin/../lib/gcc/msp430-elf/4.9.1/../../../../msp430-elf/lib/430/libcrt.a(crt_bss.o)
 .bss           0x00000290        0x0 /home/escualo/ti/gcc/bin/../lib/gcc/msp430-elf/4.9.1/../../../../msp430-elf/lib/430/libcrt.a(crt_movedata.o)
 .bss           0x00000290        0x0 /home/escualo/ti/gcc/bin/../lib/gcc/msp430-elf/4.9.1/../../../../msp430-elf/lib/430/libcrt.a(crt_main.o)
 .bss           0x00000290        0x0 /home/escualo/ti/gcc/bin/../lib/gcc/msp430-elf/4.9.1/../../../../msp430-elf/lib/430/libcrt.a(crt_callexit.o)
 .bss           0x00000290        0x0 /home/escualo/ti/gcc/bin/../lib/gcc/msp430-elf/4.9.1/../../../../msp430-elf/lib/430/libnosys.a(nosyscalls.o)
 .bss           0x00000290        0x0 /home/escualo/ti/gcc/bin/../lib/gcc/msp430-elf/4.9.1/../../../../msp430-elf/lib/430/libc.a(lib_a-errno.o)
 .bss           0x00000290        0x0 /home/escualo/ti/gcc/bin/../lib/gcc/msp430-elf/4.9.1/../../../../msp430-elf/lib/430/libc.a(lib_a-impure.o)
 .bss           0x00000290        0x0 /home/escualo/ti/gcc/bin/../lib/gcc/msp430-elf/4.9.1/../../../../msp430-elf/lib/430/libc.a(lib_a-memmove.o)
 .bss           0x00000290        0x0 /home/escualo/ti/gcc/bin/../lib/gcc/msp430-elf/4.9.1/../../../../msp430-elf/lib/430/libc.a(lib_a-memset.o)
 .bss           0x00000290        0x0 /home/escualo/ti/gcc/bin/../lib/gcc/msp430-elf/4.9.1/430/crtend.o
 .bss           0x00000290        0x0 /home/escualo/ti/gcc/bin/../lib/gcc/msp430-elf/4.9.1/../../../../msp430-elf/lib/430/crtn.o
                0x00000290                . = ALIGN (0x2)
                0x00000290                PROVIDE (__bssend, .)
                0x00000290                _end = .
                0x00000290                PROVIDE (end, .)
                0x00000010                PROVIDE (__bsssize, SIZEOF (.bss))

.noinit         0x00000290        0x0 load address 0x000085c4
                0x00000290                . = ALIGN (0x2)
                0x00000290                PROVIDE (__noinit_start, .)
 *(.noinit)
                0x00000290                . = ALIGN (0x2)
 *(COMMON)
                0x00000290                PROVIDE (__noinit_end, .)
                0x00000290                end = .

.stack          0x00000600        0x0
                0x00000600                PROVIDE (__stack, .)
 *(.stack)

.MP430.attributes
                0x00000000      0x19e
 *(.MSP430.attributes)
 .MSP430.attributes
                0x00000000       0x17 /home/escualo/ti/gcc/bin/../lib/gcc/msp430-elf/4.9.1/../../../../msp430-elf/lib/430/crt0.o
 .MSP430.attributes
                0x00000017       0x17 /home/escualo/ti/gcc/bin/../lib/gcc/msp430-elf/4.9.1/430/crtbegin.o
 .MSP430.attributes
                0x0000002e       0x17 ./spi.o
 .MSP430.attributes
                0x00000045       0x17 ./memFlash.o
 .MSP430.attributes
                0x0000005c       0x17 ./main.o
 .MSP430.attributes
                0x00000073       0x17 /home/escualo/ti/gcc/bin/../lib/gcc/msp430-elf/4.9.1/430/libgcc.a(epilogue.o)
 .MSP430.attributes
                0x0000008a       0x17 /home/escualo/ti/gcc/bin/../lib/gcc/msp430-elf/4.9.1/430/libgcc.a(srli.o)
 .MSP430.attributes
                0x000000a1       0x17 /home/escualo/ti/gcc/bin/../lib/gcc/msp430-elf/4.9.1/../../../../msp430-elf/lib/430/libcrt.a(crt_bss.o)
 .MSP430.attributes
                0x000000b8       0x17 /home/escualo/ti/gcc/bin/../lib/gcc/msp430-elf/4.9.1/../../../../msp430-elf/lib/430/libcrt.a(crt_movedata.o)
 .MSP430.attributes
                0x000000cf       0x17 /home/escualo/ti/gcc/bin/../lib/gcc/msp430-elf/4.9.1/../../../../msp430-elf/lib/430/libcrt.a(crt_main.o)
 .MSP430.attributes
                0x000000e6       0x17 /home/escualo/ti/gcc/bin/../lib/gcc/msp430-elf/4.9.1/../../../../msp430-elf/lib/430/libcrt.a(crt_callexit.o)
 .MSP430.attributes
                0x000000fd       0x17 /home/escualo/ti/gcc/bin/../lib/gcc/msp430-elf/4.9.1/../../../../msp430-elf/lib/430/libnosys.a(nosyscalls.o)
 .MSP430.attributes
                0x00000114       0x17 /home/escualo/ti/gcc/bin/../lib/gcc/msp430-elf/4.9.1/../../../../msp430-elf/lib/430/libc.a(lib_a-errno.o)
 .MSP430.attributes
                0x0000012b       0x17 /home/escualo/ti/gcc/bin/../lib/gcc/msp430-elf/4.9.1/../../../../msp430-elf/lib/430/libc.a(lib_a-impure.o)
 .MSP430.attributes
                0x00000142       0x17 /home/escualo/ti/gcc/bin/../lib/gcc/msp430-elf/4.9.1/../../../../msp430-elf/lib/430/libc.a(lib_a-memmove.o)
 .MSP430.attributes
                0x00000159       0x17 /home/escualo/ti/gcc/bin/../lib/gcc/msp430-elf/4.9.1/../../../../msp430-elf/lib/430/libc.a(lib_a-memset.o)
 .MSP430.attributes
                0x00000170       0x17 /home/escualo/ti/gcc/bin/../lib/gcc/msp430-elf/4.9.1/430/crtend.o
 .MSP430.attributes
                0x00000187       0x17 /home/escualo/ti/gcc/bin/../lib/gcc/msp430-elf/4.9.1/../../../../msp430-elf/lib/430/crtn.o
 *(.gnu.attributes)
 *(__TI_build_attributes)

.stab
 *(.stab)

.stabstr
 *(.stabstr)

.stab.excl
 *(.stab.excl)

.stab.exclstr
 *(.stab.exclstr)

.stab.index
 *(.stab.index)

.stab.indexstr
 *(.stab.indexstr)

.comment        0x00000000       0x7b
 *(.comment)
 .comment       0x00000000       0x7b /home/escualo/ti/gcc/bin/../lib/gcc/msp430-elf/4.9.1/430/crtbegin.o
                                 0x7c (size before relaxing)
 .comment       0x00000000       0x7c ./spi.o
 .comment       0x00000000       0x7c ./memFlash.o
 .comment       0x00000000       0x7c ./main.o
 .comment       0x00000000       0x7c /home/escualo/ti/gcc/bin/../lib/gcc/msp430-elf/4.9.1/../../../../msp430-elf/lib/430/libc.a(lib_a-errno.o)
 .comment       0x00000000       0x7c /home/escualo/ti/gcc/bin/../lib/gcc/msp430-elf/4.9.1/../../../../msp430-elf/lib/430/libc.a(lib_a-impure.o)
 .comment       0x00000000       0x7c /home/escualo/ti/gcc/bin/../lib/gcc/msp430-elf/4.9.1/../../../../msp430-elf/lib/430/libc.a(lib_a-memmove.o)
 .comment       0x00000000       0x7c /home/escualo/ti/gcc/bin/../lib/gcc/msp430-elf/4.9.1/../../../../msp430-elf/lib/430/libc.a(lib_a-memset.o)
 .comment       0x00000000       0x7c /home/escualo/ti/gcc/bin/../lib/gcc/msp430-elf/4.9.1/430/crtend.o

.debug
 *(.debug)

.line
 *(.line)

.debug_srcinfo
 *(.debug_srcinfo)

.debug_sfnames
 *(.debug_sfnames)

.debug_aranges  0x00000000      0x120
 *(.debug_aranges)
 .debug_aranges
                0x00000000       0x1c /home/escualo/ti/gcc/bin/../lib/gcc/msp430-elf/4.9.1/../../../../msp430-elf/lib/430/crt0.o
 .debug_aranges
                0x0000001c       0x14 ./spi.o
 .debug_aranges
                0x00000030       0x14 ./memFlash.o
 .debug_aranges
                0x00000044       0x14 ./main.o
 .debug_aranges
                0x00000058       0x14 /home/escualo/ti/gcc/bin/../lib/gcc/msp430-elf/4.9.1/../../../../msp430-elf/lib/430/libcrt.a(crt_bss.o)
 .debug_aranges
                0x0000006c       0x14 /home/escualo/ti/gcc/bin/../lib/gcc/msp430-elf/4.9.1/../../../../msp430-elf/lib/430/libcrt.a(crt_movedata.o)
 .debug_aranges
                0x00000080       0x14 /home/escualo/ti/gcc/bin/../lib/gcc/msp430-elf/4.9.1/../../../../msp430-elf/lib/430/libcrt.a(crt_main.o)
 .debug_aranges
                0x00000094       0x14 /home/escualo/ti/gcc/bin/../lib/gcc/msp430-elf/4.9.1/../../../../msp430-elf/lib/430/libcrt.a(crt_callexit.o)
 .debug_aranges
                0x000000a8       0x14 /home/escualo/ti/gcc/bin/../lib/gcc/msp430-elf/4.9.1/../../../../msp430-elf/lib/430/libnosys.a(nosyscalls.o)
 .debug_aranges
                0x000000bc       0x14 /home/escualo/ti/gcc/bin/../lib/gcc/msp430-elf/4.9.1/../../../../msp430-elf/lib/430/libc.a(lib_a-errno.o)
 .debug_aranges
                0x000000d0       0x10 /home/escualo/ti/gcc/bin/../lib/gcc/msp430-elf/4.9.1/../../../../msp430-elf/lib/430/libc.a(lib_a-impure.o)
 .debug_aranges
                0x000000e0       0x14 /home/escualo/ti/gcc/bin/../lib/gcc/msp430-elf/4.9.1/../../../../msp430-elf/lib/430/libc.a(lib_a-memmove.o)
 .debug_aranges
                0x000000f4       0x14 /home/escualo/ti/gcc/bin/../lib/gcc/msp430-elf/4.9.1/../../../../msp430-elf/lib/430/libc.a(lib_a-memset.o)
 .debug_aranges
                0x00000108       0x18 /home/escualo/ti/gcc/bin/../lib/gcc/msp430-elf/4.9.1/../../../../msp430-elf/lib/430/crtn.o

.debug_pubnames
 *(.debug_pubnames)

.debug_info     0x00000000     0x1ced
 *(.debug_info .gnu.linkonce.wi.*)
 .debug_info    0x00000000       0xd0 /home/escualo/ti/gcc/bin/../lib/gcc/msp430-elf/4.9.1/../../../../msp430-elf/lib/430/crt0.o
 .debug_info    0x000000d0      0x202 ./spi.o
 .debug_info    0x000002d2      0x2b8 ./memFlash.o
 .debug_info    0x0000058a       0x3a ./main.o
 .debug_info    0x000005c4       0xd0 /home/escualo/ti/gcc/bin/../lib/gcc/msp430-elf/4.9.1/../../../../msp430-elf/lib/430/libcrt.a(crt_bss.o)
 .debug_info    0x00000694       0xd0 /home/escualo/ti/gcc/bin/../lib/gcc/msp430-elf/4.9.1/../../../../msp430-elf/lib/430/libcrt.a(crt_movedata.o)
 .debug_info    0x00000764       0xd0 /home/escualo/ti/gcc/bin/../lib/gcc/msp430-elf/4.9.1/../../../../msp430-elf/lib/430/libcrt.a(crt_main.o)
 .debug_info    0x00000834       0xd0 /home/escualo/ti/gcc/bin/../lib/gcc/msp430-elf/4.9.1/../../../../msp430-elf/lib/430/libcrt.a(crt_callexit.o)
 .debug_info    0x00000904       0xd6 /home/escualo/ti/gcc/bin/../lib/gcc/msp430-elf/4.9.1/../../../../msp430-elf/lib/430/libnosys.a(nosyscalls.o)
 .debug_info    0x000009da      0x7f2 /home/escualo/ti/gcc/bin/../lib/gcc/msp430-elf/4.9.1/../../../../msp430-elf/lib/430/libc.a(lib_a-errno.o)
 .debug_info    0x000011cc      0x890 /home/escualo/ti/gcc/bin/../lib/gcc/msp430-elf/4.9.1/../../../../msp430-elf/lib/430/libc.a(lib_a-impure.o)
 .debug_info    0x00001a5c       0xf8 /home/escualo/ti/gcc/bin/../lib/gcc/msp430-elf/4.9.1/../../../../msp430-elf/lib/430/libc.a(lib_a-memmove.o)
 .debug_info    0x00001b54       0xc9 /home/escualo/ti/gcc/bin/../lib/gcc/msp430-elf/4.9.1/../../../../msp430-elf/lib/430/libc.a(lib_a-memset.o)
 .debug_info    0x00001c1d       0xd0 /home/escualo/ti/gcc/bin/../lib/gcc/msp430-elf/4.9.1/../../../../msp430-elf/lib/430/crtn.o

.debug_abbrev   0x00000000      0x66b
 *(.debug_abbrev)
 .debug_abbrev  0x00000000       0x12 /home/escualo/ti/gcc/bin/../lib/gcc/msp430-elf/4.9.1/../../../../msp430-elf/lib/430/crt0.o
 .debug_abbrev  0x00000012      0x10b ./spi.o
 .debug_abbrev  0x0000011d      0x108 ./memFlash.o
 .debug_abbrev  0x00000225       0x36 ./main.o
 .debug_abbrev  0x0000025b       0x14 /home/escualo/ti/gcc/bin/../lib/gcc/msp430-elf/4.9.1/../../../../msp430-elf/lib/430/libcrt.a(crt_bss.o)
 .debug_abbrev  0x0000026f       0x14 /home/escualo/ti/gcc/bin/../lib/gcc/msp430-elf/4.9.1/../../../../msp430-elf/lib/430/libcrt.a(crt_movedata.o)
 .debug_abbrev  0x00000283       0x14 /home/escualo/ti/gcc/bin/../lib/gcc/msp430-elf/4.9.1/../../../../msp430-elf/lib/430/libcrt.a(crt_main.o)
 .debug_abbrev  0x00000297       0x14 /home/escualo/ti/gcc/bin/../lib/gcc/msp430-elf/4.9.1/../../../../msp430-elf/lib/430/libcrt.a(crt_callexit.o)
 .debug_abbrev  0x000002ab       0x14 /home/escualo/ti/gcc/bin/../lib/gcc/msp430-elf/4.9.1/../../../../msp430-elf/lib/430/libnosys.a(nosyscalls.o)
 .debug_abbrev  0x000002bf      0x139 /home/escualo/ti/gcc/bin/../lib/gcc/msp430-elf/4.9.1/../../../../msp430-elf/lib/430/libc.a(lib_a-errno.o)
 .debug_abbrev  0x000003f8      0x13b /home/escualo/ti/gcc/bin/../lib/gcc/msp430-elf/4.9.1/../../../../msp430-elf/lib/430/libc.a(lib_a-impure.o)
 .debug_abbrev  0x00000533       0x9a /home/escualo/ti/gcc/bin/../lib/gcc/msp430-elf/4.9.1/../../../../msp430-elf/lib/430/libc.a(lib_a-memmove.o)
 .debug_abbrev  0x000005cd       0x8c /home/escualo/ti/gcc/bin/../lib/gcc/msp430-elf/4.9.1/../../../../msp430-elf/lib/430/libc.a(lib_a-memset.o)
 .debug_abbrev  0x00000659       0x12 /home/escualo/ti/gcc/bin/../lib/gcc/msp430-elf/4.9.1/../../../../msp430-elf/lib/430/crtn.o

.debug_line     0x00000000      0xd7b
 *(.debug_line)
 .debug_line    0x00000000       0xfe /home/escualo/ti/gcc/bin/../lib/gcc/msp430-elf/4.9.1/../../../../msp430-elf/lib/430/crt0.o
 .debug_line    0x000000fe      0x1e2 ./spi.o
 .debug_line    0x000002e0      0x2a5 ./memFlash.o
 .debug_line    0x00000585       0x3c ./main.o
 .debug_line    0x000005c1       0x80 /home/escualo/ti/gcc/bin/../lib/gcc/msp430-elf/4.9.1/../../../../msp430-elf/lib/430/libcrt.a(crt_bss.o)
 .debug_line    0x00000641       0x8d /home/escualo/ti/gcc/bin/../lib/gcc/msp430-elf/4.9.1/../../../../msp430-elf/lib/430/libcrt.a(crt_movedata.o)
 .debug_line    0x000006ce       0x7b /home/escualo/ti/gcc/bin/../lib/gcc/msp430-elf/4.9.1/../../../../msp430-elf/lib/430/libcrt.a(crt_main.o)
 .debug_line    0x00000749       0x6f /home/escualo/ti/gcc/bin/../lib/gcc/msp430-elf/4.9.1/../../../../msp430-elf/lib/430/libcrt.a(crt_callexit.o)
 .debug_line    0x000007b8       0xb0 /home/escualo/ti/gcc/bin/../lib/gcc/msp430-elf/4.9.1/../../../../msp430-elf/lib/430/libnosys.a(nosyscalls.o)
 .debug_line    0x00000868      0x136 /home/escualo/ti/gcc/bin/../lib/gcc/msp430-elf/4.9.1/../../../../msp430-elf/lib/430/libc.a(lib_a-errno.o)
 .debug_line    0x0000099e      0x12c /home/escualo/ti/gcc/bin/../lib/gcc/msp430-elf/4.9.1/../../../../msp430-elf/lib/430/libc.a(lib_a-impure.o)
 .debug_line    0x00000aca      0x115 /home/escualo/ti/gcc/bin/../lib/gcc/msp430-elf/4.9.1/../../../../msp430-elf/lib/430/libc.a(lib_a-memmove.o)
 .debug_line    0x00000bdf      0x114 /home/escualo/ti/gcc/bin/../lib/gcc/msp430-elf/4.9.1/../../../../msp430-elf/lib/430/libc.a(lib_a-memset.o)
 .debug_line    0x00000cf3       0x88 /home/escualo/ti/gcc/bin/../lib/gcc/msp430-elf/4.9.1/../../../../msp430-elf/lib/430/crtn.o

.debug_frame    0x00000000      0x20c
 *(.debug_frame)
 .debug_frame   0x00000000       0x42 ./spi.o
 .debug_frame   0x00000042      0x148 ./memFlash.o
 .debug_frame   0x0000018a       0x1e ./main.o
 .debug_frame   0x000001a8       0x1e /home/escualo/ti/gcc/bin/../lib/gcc/msp430-elf/4.9.1/../../../../msp430-elf/lib/430/libc.a(lib_a-errno.o)
 .debug_frame   0x000001c6       0x28 /home/escualo/ti/gcc/bin/../lib/gcc/msp430-elf/4.9.1/../../../../msp430-elf/lib/430/libc.a(lib_a-memmove.o)
 .debug_frame   0x000001ee       0x1e /home/escualo/ti/gcc/bin/../lib/gcc/msp430-elf/4.9.1/../../../../msp430-elf/lib/430/libc.a(lib_a-memset.o)

.debug_str      0x00000000      0x946
 *(.debug_str)
 .debug_str     0x00000000      0x227 ./spi.o
                                0x263 (size before relaxing)
 .debug_str     0x00000227      0x11b ./memFlash.o
                                0x29d (size before relaxing)
 .debug_str     0x00000342        0xf ./main.o
                                 0xf2 (size before relaxing)
 .debug_str     0x00000351      0x499 /home/escualo/ti/gcc/bin/../lib/gcc/msp430-elf/4.9.1/../../../../msp430-elf/lib/430/libc.a(lib_a-errno.o)
                                0x568 (size before relaxing)
 .debug_str     0x000007ea       0xa2 /home/escualo/ti/gcc/bin/../lib/gcc/msp430-elf/4.9.1/../../../../msp430-elf/lib/430/libc.a(lib_a-impure.o)
                                0x5bf (size before relaxing)
 .debug_str     0x0000088c       0x6e /home/escualo/ti/gcc/bin/../lib/gcc/msp430-elf/4.9.1/../../../../msp430-elf/lib/430/libc.a(lib_a-memmove.o)
                                0x1d1 (size before relaxing)
 .debug_str     0x000008fa       0x4c /home/escualo/ti/gcc/bin/../lib/gcc/msp430-elf/4.9.1/../../../../msp430-elf/lib/430/libc.a(lib_a-memset.o)
                                0x1b6 (size before relaxing)

.debug_loc      0x00000000      0x309
 *(.debug_loc)
 .debug_loc     0x00000000       0xaa ./spi.o
 .debug_loc     0x000000aa       0xd0 ./memFlash.o
 .debug_loc     0x0000017a      0x130 /home/escualo/ti/gcc/bin/../lib/gcc/msp430-elf/4.9.1/../../../../msp430-elf/lib/430/libc.a(lib_a-memmove.o)
 .debug_loc     0x000002aa       0x5f /home/escualo/ti/gcc/bin/../lib/gcc/msp430-elf/4.9.1/../../../../msp430-elf/lib/430/libc.a(lib_a-memset.o)

.debug_macinfo
 *(.debug_macinfo)

.debug_weaknames
 *(.debug_weaknames)

.debug_funcnames
 *(.debug_funcnames)

.debug_typenames
 *(.debug_typenames)

.debug_varnames
 *(.debug_varnames)

/DISCARD/
 *(.note.GNU-stack)
OUTPUT(mem_427a_2.out elf32-msp430)

.debug_ranges   0x00000000       0x3c
 .debug_ranges  0x00000000       0x14 /home/escualo/ti/gcc/bin/../lib/gcc/msp430-elf/4.9.1/../../../../msp430-elf/lib/430/crt0.o
 .debug_ranges  0x00000014        0x8 /home/escualo/ti/gcc/bin/../lib/gcc/msp430-elf/4.9.1/../../../../msp430-elf/lib/430/libc.a(lib_a-errno.o)
 .debug_ranges  0x0000001c        0x8 /home/escualo/ti/gcc/bin/../lib/gcc/msp430-elf/4.9.1/../../../../msp430-elf/lib/430/libc.a(lib_a-memmove.o)
 .debug_ranges  0x00000024        0x8 /home/escualo/ti/gcc/bin/../lib/gcc/msp430-elf/4.9.1/../../../../msp430-elf/lib/430/libc.a(lib_a-memset.o)
 .debug_ranges  0x0000002c       0x10 /home/escualo/ti/gcc/bin/../lib/gcc/msp430-elf/4.9.1/../../../../msp430-elf/lib/430/crtn.o

.debug_line.text.__errno
                0x00000000       0x14
 .debug_line.text.__errno
                0x00000000       0x14 /home/escualo/ti/gcc/bin/../lib/gcc/msp430-elf/4.9.1/../../../../msp430-elf/lib/430/libc.a(lib_a-errno.o)

.debug_line_end
                0x00000000        0x0
 .debug_line_end
                0x00000000        0x0 /home/escualo/ti/gcc/bin/../lib/gcc/msp430-elf/4.9.1/../../../../msp430-elf/lib/430/libc.a(lib_a-errno.o)
 .debug_line_end
                0x00000000        0x0 /home/escualo/ti/gcc/bin/../lib/gcc/msp430-elf/4.9.1/../../../../msp430-elf/lib/430/libc.a(lib_a-impure.o)
 .debug_line_end
                0x00000000        0x0 /home/escualo/ti/gcc/bin/../lib/gcc/msp430-elf/4.9.1/../../../../msp430-elf/lib/430/libc.a(lib_a-memmove.o)
 .debug_line_end
                0x00000000        0x0 /home/escualo/ti/gcc/bin/../lib/gcc/msp430-elf/4.9.1/../../../../msp430-elf/lib/430/libc.a(lib_a-memset.o)

.debug_line.text.memmove
                0x00000000       0x3e
 .debug_line.text.memmove
                0x00000000       0x3e /home/escualo/ti/gcc/bin/../lib/gcc/msp430-elf/4.9.1/../../../../msp430-elf/lib/430/libc.a(lib_a-memmove.o)

.debug_line.text.memset
                0x00000000       0x20
 .debug_line.text.memset
                0x00000000       0x20 /home/escualo/ti/gcc/bin/../lib/gcc/msp430-elf/4.9.1/../../../../msp430-elf/lib/430/libc.a(lib_a-memset.o)
